// Jest Snapshot v1, https://goo.gl/fbAQLP

exports[`it matches snapshot for logged in user 1`] = `
<DocumentFragment>
  <div
    class="Routes"
  >
    <div
      class="Reptiles"
    >
      <h1>
        My Reptiles
      </h1>
      <h4>
        Click on a reptile to feed them.
      </h4>
      <div
        class="ReptileCard"
      >
        <img
          alt="two crows"
          src=""
        />
        <h4>
          two crows
        </h4>
        <h5>
          crows
        </h5>
      </div>
    </div>
  </div>
</DocumentFragment>
`;

exports[`it matches snapshot for logged out user 1`] = `
<DocumentFragment>
  <div
    class="Routes"
  >
    <div
      class="Unauthorized"
    >
      <h4>
        You are not authorized to view this page! Here are your options:
      </h4>
      <div
        class="Unauthorized-options"
      >
        <a
          href="/login"
        >
          Log in to your account
        </a>
        <a
          href="/register"
        >
          Register for an account with us
        </a>
      </div>
    </div>
  </div>
</DocumentFragment>
`;
