// Jest Snapshot v1, https://goo.gl/fbAQLP

exports[`it matches snapshot 1`] = `
<DocumentFragment>
  <div
    class="ReptileCard"
  >
    <img
      alt="two crows"
    />
    <h4>
      two crows
    </h4>
    <h5>
      crows
    </h5>
  </div>
</DocumentFragment>
`;
