// Jest Snapshot v1, https://goo.gl/fbAQLP

exports[`it matches snapshot 1`] = `
<DocumentFragment>
  <div
    class="Unauthorized"
  >
    <h4>
      You are not authorized to view this page! Here are your options:
    </h4>
    <div
      class="Unauthorized-options"
    >
      <a
        href="/login"
      >
        Log in to your account
      </a>
      <a
        href="/register"
      >
        Register for an account with us
      </a>
    </div>
  </div>
</DocumentFragment>
`;
